Enqueueing o/a.o
trying lib a/libf_.a
Starting first resolve run
Resolving *inputfile 0 o/a.o via o/a.o
Linking o/a.o as 0
Resolving f3 via a/libf_.a::f3.o/           
Resolving f1 via a/libf_.a::f1.o/           
Linking a/libf_.a::f1.o/            as 1
Linking a/libf_.a::f3.o/            as 2
Resolving f2 via a/libf_.a::f2.o/           
Linking a/libf_.a::f2.o/            as 3
Disabling handling of special-purpose functions; '__trigger_gbl_ctors' not available
